// Jest Snapshot v1, https://goo.gl/fbAQLP

exports[`MovieDetails renders correctly snapshot renders 1`] = `
<div>
  <div
    className="skeleton"
  />
</div>
`;
