// Jest Snapshot v1, https://goo.gl/fbAQLP

exports[`MovieList renders correctly snapshot renders 1`] = `
<div
  className="list"
/>
`;
