// Jest Snapshot v1, https://goo.gl/fbAQLP

exports[`CustomRating renders correctly snapshot renders 1`] = `
<div>
  <span
    aria-label={null}
    className="MuiRating-root"
    onMouseLeave={[Function]}
    onMouseMove={[Function]}
    role={null}
  >
    <label
      className="MuiRating-label"
      htmlFor="movie-stars-1"
    >
      <span
        className="MuiRating-icon MuiRating-iconEmpty"
      >
        <svg
          aria-hidden="true"
          className="MuiSvgIcon-root MuiSvgIcon-fontSizeInherit"
          focusable="false"
          role="presentation"
          viewBox="0 0 24 24"
        >
          <path
            d="M12 17.27L18.18 21l-1.64-7.03L22 9.24l-7.19-.61L12 2 9.19 8.63 2 9.24l5.46 4.73L5.82 21z"
          />
        </svg>
      </span>
      <span
        className="MuiRating-visuallyhidden"
      >
        1 Star
      </span>
    </label>
    <input
      checked={false}
      className="MuiRating-visuallyhidden"
      id="movie-stars-1"
      name="movie-stars"
      onBlur={[Function]}
      onChange={[Function]}
      onClick={[Function]}
      onFocus={[Function]}
      type="radio"
      value={1}
    />
    <label
      className="MuiRating-label"
      htmlFor="movie-stars-2"
    >
      <span
        className="MuiRating-icon MuiRating-iconEmpty"
      >
        <svg
          aria-hidden="true"
          className="MuiSvgIcon-root MuiSvgIcon-fontSizeInherit"
          focusable="false"
          role="presentation"
          viewBox="0 0 24 24"
        >
          <path
            d="M12 17.27L18.18 21l-1.64-7.03L22 9.24l-7.19-.61L12 2 9.19 8.63 2 9.24l5.46 4.73L5.82 21z"
          />
        </svg>
      </span>
      <span
        className="MuiRating-visuallyhidden"
      >
        2 Stars
      </span>
    </label>
    <input
      checked={false}
      className="MuiRating-visuallyhidden"
      id="movie-stars-2"
      name="movie-stars"
      onBlur={[Function]}
      onChange={[Function]}
      onClick={[Function]}
      onFocus={[Function]}
      type="radio"
      value={2}
    />
    <label
      className="MuiRating-label"
      htmlFor="movie-stars-3"
    >
      <span
        className="MuiRating-icon MuiRating-iconEmpty"
      >
        <svg
          aria-hidden="true"
          className="MuiSvgIcon-root MuiSvgIcon-fontSizeInherit"
          focusable="false"
          role="presentation"
          viewBox="0 0 24 24"
        >
          <path
            d="M12 17.27L18.18 21l-1.64-7.03L22 9.24l-7.19-.61L12 2 9.19 8.63 2 9.24l5.46 4.73L5.82 21z"
          />
        </svg>
      </span>
      <span
        className="MuiRating-visuallyhidden"
      >
        3 Stars
      </span>
    </label>
    <input
      checked={false}
      className="MuiRating-visuallyhidden"
      id="movie-stars-3"
      name="movie-stars"
      onBlur={[Function]}
      onChange={[Function]}
      onClick={[Function]}
      onFocus={[Function]}
      type="radio"
      value={3}
    />
    <label
      className="MuiRating-label"
      htmlFor="movie-stars-4"
    >
      <span
        className="MuiRating-icon MuiRating-iconEmpty"
      >
        <svg
          aria-hidden="true"
          className="MuiSvgIcon-root MuiSvgIcon-fontSizeInherit"
          focusable="false"
          role="presentation"
          viewBox="0 0 24 24"
        >
          <path
            d="M12 17.27L18.18 21l-1.64-7.03L22 9.24l-7.19-.61L12 2 9.19 8.63 2 9.24l5.46 4.73L5.82 21z"
          />
        </svg>
      </span>
      <span
        className="MuiRating-visuallyhidden"
      >
        4 Stars
      </span>
    </label>
    <input
      checked={false}
      className="MuiRating-visuallyhidden"
      id="movie-stars-4"
      name="movie-stars"
      onBlur={[Function]}
      onChange={[Function]}
      onClick={[Function]}
      onFocus={[Function]}
      type="radio"
      value={4}
    />
    <label
      className="MuiRating-label"
      htmlFor="movie-stars-5"
    >
      <span
        className="MuiRating-icon MuiRating-iconEmpty"
      >
        <svg
          aria-hidden="true"
          className="MuiSvgIcon-root MuiSvgIcon-fontSizeInherit"
          focusable="false"
          role="presentation"
          viewBox="0 0 24 24"
        >
          <path
            d="M12 17.27L18.18 21l-1.64-7.03L22 9.24l-7.19-.61L12 2 9.19 8.63 2 9.24l5.46 4.73L5.82 21z"
          />
        </svg>
      </span>
      <span
        className="MuiRating-visuallyhidden"
      >
        5 Stars
      </span>
    </label>
    <input
      checked={false}
      className="MuiRating-visuallyhidden"
      id="movie-stars-5"
      name="movie-stars"
      onBlur={[Function]}
      onChange={[Function]}
      onClick={[Function]}
      onFocus={[Function]}
      type="radio"
      value={5}
    />
    <label
      className="MuiRating-label"
      htmlFor="movie-stars-6"
    >
      <span
        className="MuiRating-icon MuiRating-iconEmpty"
      >
        <svg
          aria-hidden="true"
          className="MuiSvgIcon-root MuiSvgIcon-fontSizeInherit"
          focusable="false"
          role="presentation"
          viewBox="0 0 24 24"
        >
          <path
            d="M12 17.27L18.18 21l-1.64-7.03L22 9.24l-7.19-.61L12 2 9.19 8.63 2 9.24l5.46 4.73L5.82 21z"
          />
        </svg>
      </span>
      <span
        className="MuiRating-visuallyhidden"
      >
        6 Stars
      </span>
    </label>
    <input
      checked={false}
      className="MuiRating-visuallyhidden"
      id="movie-stars-6"
      name="movie-stars"
      onBlur={[Function]}
      onChange={[Function]}
      onClick={[Function]}
      onFocus={[Function]}
      type="radio"
      value={6}
    />
    <label
      className="MuiRating-label"
      htmlFor="movie-stars-7"
    >
      <span
        className="MuiRating-icon MuiRating-iconEmpty"
      >
        <svg
          aria-hidden="true"
          className="MuiSvgIcon-root MuiSvgIcon-fontSizeInherit"
          focusable="false"
          role="presentation"
          viewBox="0 0 24 24"
        >
          <path
            d="M12 17.27L18.18 21l-1.64-7.03L22 9.24l-7.19-.61L12 2 9.19 8.63 2 9.24l5.46 4.73L5.82 21z"
          />
        </svg>
      </span>
      <span
        className="MuiRating-visuallyhidden"
      >
        7 Stars
      </span>
    </label>
    <input
      checked={false}
      className="MuiRating-visuallyhidden"
      id="movie-stars-7"
      name="movie-stars"
      onBlur={[Function]}
      onChange={[Function]}
      onClick={[Function]}
      onFocus={[Function]}
      type="radio"
      value={7}
    />
    <label
      className="MuiRating-label"
      htmlFor="movie-stars-8"
    >
      <span
        className="MuiRating-icon MuiRating-iconEmpty"
      >
        <svg
          aria-hidden="true"
          className="MuiSvgIcon-root MuiSvgIcon-fontSizeInherit"
          focusable="false"
          role="presentation"
          viewBox="0 0 24 24"
        >
          <path
            d="M12 17.27L18.18 21l-1.64-7.03L22 9.24l-7.19-.61L12 2 9.19 8.63 2 9.24l5.46 4.73L5.82 21z"
          />
        </svg>
      </span>
      <span
        className="MuiRating-visuallyhidden"
      >
        8 Stars
      </span>
    </label>
    <input
      checked={false}
      className="MuiRating-visuallyhidden"
      id="movie-stars-8"
      name="movie-stars"
      onBlur={[Function]}
      onChange={[Function]}
      onClick={[Function]}
      onFocus={[Function]}
      type="radio"
      value={8}
    />
    <label
      className="MuiRating-label"
      htmlFor="movie-stars-9"
    >
      <span
        className="MuiRating-icon MuiRating-iconEmpty"
      >
        <svg
          aria-hidden="true"
          className="MuiSvgIcon-root MuiSvgIcon-fontSizeInherit"
          focusable="false"
          role="presentation"
          viewBox="0 0 24 24"
        >
          <path
            d="M12 17.27L18.18 21l-1.64-7.03L22 9.24l-7.19-.61L12 2 9.19 8.63 2 9.24l5.46 4.73L5.82 21z"
          />
        </svg>
      </span>
      <span
        className="MuiRating-visuallyhidden"
      >
        9 Stars
      </span>
    </label>
    <input
      checked={false}
      className="MuiRating-visuallyhidden"
      id="movie-stars-9"
      name="movie-stars"
      onBlur={[Function]}
      onChange={[Function]}
      onClick={[Function]}
      onFocus={[Function]}
      type="radio"
      value={9}
    />
    <label
      className="MuiRating-label"
      htmlFor="movie-stars-10"
    >
      <span
        className="MuiRating-icon MuiRating-iconEmpty"
      >
        <svg
          aria-hidden="true"
          className="MuiSvgIcon-root MuiSvgIcon-fontSizeInherit"
          focusable="false"
          role="presentation"
          viewBox="0 0 24 24"
        >
          <path
            d="M12 17.27L18.18 21l-1.64-7.03L22 9.24l-7.19-.61L12 2 9.19 8.63 2 9.24l5.46 4.73L5.82 21z"
          />
        </svg>
      </span>
      <span
        className="MuiRating-visuallyhidden"
      >
        10 Stars
      </span>
    </label>
    <input
      checked={false}
      className="MuiRating-visuallyhidden"
      id="movie-stars-10"
      name="movie-stars"
      onBlur={[Function]}
      onChange={[Function]}
      onClick={[Function]}
      onFocus={[Function]}
      type="radio"
      value={10}
    />
  </span>
  <h2
    className="msg"
  />
</div>
`;
