// Jest Snapshot v1, https://goo.gl/fbAQLP

exports[`GuestButton renders correctly snapshot renders 1`] = `
<button
  className="btn"
  onClick={[Function]}
>
  Login as Guest
</button>
`;
